[33m❯[39m Building...
[32m✔[39m Building...
[1mInitial chunk files[22m                                    [2m | [22m[1mNames[22m                                               [2m | [22m [1mRaw size[22m
[32mspec-app-pages-register-register.js[39m                    [2m | [22m[2mspec-app-pages-register-register[22m                    [2m | [22m [36m30.38 kB[39m[2m | [22m
[32mspec-app-pages-login-login.js[39m                          [2m | [22m[2mspec-app-pages-login-login[22m                          [2m | [22m [36m24.63 kB[39m[2m | [22m
[32mspec-app-pages-products-products.js[39m                    [2m | [22m[2mspec-app-pages-products-products[22m                    [2m | [22m [36m18.19 kB[39m[2m | [22m
[32mchunk-SHTMZ5XJ.js[39m                                      [2m | [22m[2m-[22m                                                   [2m | [22m  [36m4.57 kB[39m[2m | [22m
[32mchunk-QACDNFF4.js[39m                                      [2m | [22m[2m-[22m                                                   [2m | [22m  [36m2.68 kB[39m[2m | [22m
[32mspec-app-pages-not-found-not-found.js[39m                  [2m | [22m[2mspec-app-pages-not-found-not-found[22m                  [2m | [22m  [36m2.47 kB[39m[2m | [22m
[32mspec-app-pages-admin-manage-products-manage-products.js[39m[2m | [22m[2mspec-app-pages-admin-manage-products-manage-products[22m[2m | [22m  [36m1.90 kB[39m[2m | [22m
[32mspec-app-app.js[39m                                        [2m | [22m[2mspec-app-app[22m                                        [2m | [22m  [36m1.88 kB[39m[2m | [22m
[32mspec-app-pages-product-details-product-details.js[39m      [2m | [22m[2mspec-app-pages-product-details-product-details[22m      [2m | [22m  [36m1.87 kB[39m[2m | [22m
[32mspec-app-pages-admin-manage-orders-manage-orders.js[39m    [2m | [22m[2mspec-app-pages-admin-manage-orders-manage-orders[22m    [2m | [22m  [36m1.85 kB[39m[2m | [22m
[32mspec-app-pages-admin-dashboard-dashboard.js[39m            [2m | [22m[2mspec-app-pages-admin-dashboard-dashboard[22m            [2m | [22m  [36m1.76 kB[39m[2m | [22m
[32mspec-app-pages-profile-profile.js[39m                      [2m | [22m[2mspec-app-pages-profile-profile[22m                      [2m | [22m  [36m1.68 kB[39m[2m | [22m
[32mspec-app-shared-footer-footer.js[39m                       [2m | [22m[2mspec-app-shared-footer-footer[22m                       [2m | [22m  [36m1.65 kB[39m[2m | [22m
[32mspec-app-pages-cart-cart.js[39m                            [2m | [22m[2mspec-app-pages-cart-cart[22m                            [2m | [22m  [36m1.60 kB[39m[2m | [22m
[32mspec-app-pages-home-home.js[39m                            [2m | [22m[2mspec-app-pages-home-home[22m                            [2m | [22m  [36m1.60 kB[39m[2m | [22m
[32minit-testbed.js[39m                                        [2m | [22m[2minit-testbed[22m                                        [2m | [22m  [36m1.21 kB[39m[2m | [22m
[32mspec-app-core-guards-admin-guard.js[39m                    [2m | [22m[2mspec-app-core-guards-admin-guard[22m                    [2m | [22m[36m949 bytes[39m[2m | [22m
[32mspec-app-core-guards-auth-guard.js[39m                     [2m | [22m[2mspec-app-core-guards-auth-guard[22m                     [2m | [22m[36m924 bytes[39m[2m | [22m
[32mspec-app-core-interceptors-auth-interceptor.js[39m         [2m | [22m[2mspec-app-core-interceptors-auth-interceptor[22m         [2m | [22m[36m835 bytes[39m[2m | [22m
[32mvitest-mock-patch.js[39m                                   [2m | [22m[2mvitest-mock-patch[22m                                   [2m | [22m[36m704 bytes[39m[2m | [22m
[32mchunk-LXHYZQKF.js[39m                                      [2m | [22m[2m-[22m                                                   [2m | [22m[36m188 bytes[39m[2m | [22m
[32mstyles.css[39m                                             [2m | [22m[2mstyles[22m                                              [2m | [22m [36m56 bytes[39m[2m | [22m

[1m [22m                                                      [2m | [22m[1mInitial total[22m                                       [2m | [22m[1m103.57 kB[22m

Application bundle generation complete. [1.956 seconds] - 2026-04-05T17:25:20.945Z


[1m[46m RUN [49m[22m [36mv4.1.2 [39m[90mE:/iti/ecommerce-app/frontend[39m

 [32m✓[39m [30m[43m frontend [49m[39m src/app/pages/admin/manage-products/manage-products.spec.ts [2m([22m[2m1 test[22m[2m)[22m[32m 65[2mms[22m[39m
 [32m✓[39m [30m[43m frontend [49m[39m src/app/pages/product-details/product-details.spec.ts [2m([22m[2m1 test[22m[2m)[22m[32m 63[2mms[22m[39m
 [32m✓[39m [30m[43m frontend [49m[39m src/app/pages/admin/dashboard/dashboard.spec.ts [2m([22m[2m1 test[22m[2m)[22m[32m 73[2mms[22m[39m
 [32m✓[39m [30m[43m frontend [49m[39m src/app/pages/not-found/not-found.spec.ts [2m([22m[2m1 test[22m[2m)[22m[32m 102[2mms[22m[39m
 [32m✓[39m [30m[43m frontend [49m[39m src/app/pages/admin/manage-orders/manage-orders.spec.ts [2m([22m[2m1 test[22m[2m)[22m[32m 85[2mms[22m[39m
 [32m✓[39m [30m[43m frontend [49m[39m src/app/pages/profile/profile.spec.ts [2m([22m[2m1 test[22m[2m)[22m[32m 11[2mms[22m[39m
 [32m✓[39m [30m[43m frontend [49m[39m src/app/shared/footer/footer.spec.ts [2m([22m[2m1 test[22m[2m)[22m[32m 20[2mms[22m[39m
 [31m❯[39m [30m[43m frontend [49m[39m src/app/app.spec.ts [2m([22m[2m2 tests[22m[2m | [22m[31m1 failed[39m[2m)[22m[32m 68[2mms[22m[39m
     [32m✓[39m should create the app[32m 44[2mms[22m[39m
[31m     [31m×[31m should render title[39m[32m 20[2mms[22m[39m
 [32m✓[39m [30m[43m frontend [49m[39m src/app/pages/cart/cart.spec.ts [2m([22m[2m1 test[22m[2m)[22m[32m 23[2mms[22m[39m
 [32m✓[39m [30m[43m frontend [49m[39m src/app/core/interceptors/auth-interceptor.spec.ts [2m([22m[2m1 test[22m[2m)[22m[32m 1[2mms[22m[39m
 [32m✓[39m [30m[43m frontend [49m[39m src/app/core/guards/admin-guard.spec.ts [2m([22m[2m1 test[22m[2m)[22m[32m 1[2mms[22m[39m
 [32m✓[39m [30m[43m frontend [49m[39m src/app/pages/home/home.spec.ts [2m([22m[2m1 test[22m[2m)[22m[32m 25[2mms[22m[39m
 [32m✓[39m [30m[43m frontend [49m[39m src/app/core/guards/auth-guard.spec.ts [2m([22m[2m1 test[22m[2m)[22m[32m 1[2mms[22m[39m
 [32m✓[39m [30m[43m frontend [49m[39m src/app/pages/products/products.spec.ts [2m([22m[2m1 test[22m[2m)[22m[32m 195[2mms[22m[39m
 [31m❯[39m [30m[43m frontend [49m[39m src/app/pages/register/register.spec.ts [2m([22m[2m1 test[22m[2m | [22m[31m1 failed[39m[2m)[22m[33m 305[2mms[22m[39m
[31m     [31m×[31m should create[39m[33m 303[2mms[22m[39m
 [31m❯[39m [30m[43m frontend [49m[39m src/app/pages/login/login.spec.ts [2m([22m[2m1 test[22m[2m | [22m[31m1 failed[39m[2m)[22m[32m 242[2mms[22m[39m
[31m     [31m×[31m should create[39m[32m 241[2mms[22m[39m

[31m⎯⎯⎯⎯⎯⎯⎯[39m[1m[41m Failed Tests 3 [49m[22m[31m⎯⎯⎯⎯⎯⎯⎯[39m

[41m[1m FAIL [22m[49m [30m[43m frontend [49m[39m src/app/app.spec.ts[2m > [22mApp[2m > [22mshould render title
[31m[1mAssertionError[22m: the given combination of arguments (undefined and string) is invalid for this assertion. You can use an array, a map, an object, a set, a string, or a weakset instead of a string[39m
[36m [2m❯[22m src/app/app.spec.ts:[2m21:55[22m[39m
    [90m 19|[39m     [35mawait[39m fixture[33m.[39m[34mwhenStable[39m()[33m;[39m
    [90m 20|[39m     [35mconst[39m compiled [33m=[39m fixture[33m.[39mnativeElement [35mas[39m [33mHTMLElement[39m[33m;[39m
    [90m 21|[39m     expect(compiled.querySelector('h1')?.textContent).toContain('Hello…
    [90m   |[39m                                                       [31m^[39m
    [90m 22|[39m   })[33m;[39m
    [90m 23|[39m })[33m;[39m

[31m[2m⎯⎯⎯⎯⎯⎯⎯⎯⎯⎯⎯⎯⎯⎯⎯⎯⎯⎯⎯⎯⎯⎯⎯⎯[1/3]⎯[22m[39m

[41m[1m FAIL [22m[49m [30m[43m frontend [49m[39m src/app/pages/login/login.spec.ts[2m > [22mLogin[2m > [22mshould create
[31m[1mɵNotFound[22m: NG0201: No provider found for `ActivatedRoute`. Source: Standalone[_Login]. Find more at https://v21.angular.dev/errors/NG0201[39m
[90m [2m❯[22m createRuntimeError ../darwin_arm64-fastbuild-ST-fdfa778d11ba/bin/packages/core/src/render3/errors_di.ts:[2m130:16[22m[39m
[90m [2m❯[22m createRuntimeError ../darwin_arm64-fastbuild-ST-fdfa778d11ba/bin/packages/core/src/di/null_injector.ts:[2m20:20[22m[39m
[90m [2m❯[22m get ../darwin_arm64-fastbuild-ST-fdfa778d11ba/bin/packages/core/src/di/r3_injector.ts:[2m383:26[22m[39m
[90m [2m❯[22m get ../darwin_arm64-fastbuild-ST-fdfa778d11ba/bin/packages/core/src/di/r3_injector.ts:[2m383:26[22m[39m
[90m [2m❯[22m get ../darwin_arm64-fastbuild-ST-fdfa778d11ba/bin/packages/core/src/di/r3_injector.ts:[2m383:26[22m[39m
[90m [2m❯[22m get ../darwin_arm64-fastbuild-ST-fdfa778d11ba/bin/packages/core/src/render3/chained_injector.ts:[2m43:31[22m[39m
[90m [2m❯[22m get ../darwin_arm64-fastbuild-ST-fdfa778d11ba/bin/packages/core/src/render3/di.ts:[2m426:63[22m[39m
[90m [2m❯[22m lookupTokenUsingModuleInjector ../darwin_arm64-fastbuild-ST-fdfa778d11ba/bin/packages/core/src/render3/di.ts:[2m493:9[22m[39m
[90m [2m❯[22m getOrCreateInjectable ../darwin_arm64-fastbuild-ST-fdfa778d11ba/bin/packages/core/src/render3/instructions/di.ts:[2m58:16[22m[39m
[90m [2m❯[22m NodeInjectorFactory.RouterLink_Factory [as factory] ng:/RouterLink/ɵfac.js:[2m6:7[22m[39m

[31m[2m⎯⎯⎯⎯⎯⎯⎯⎯⎯⎯⎯⎯⎯⎯⎯⎯⎯⎯⎯⎯⎯⎯⎯⎯[2/3]⎯[22m[39m

[41m[1m FAIL [22m[49m [30m[43m frontend [49m[39m src/app/pages/register/register.spec.ts[2m > [22mRegister[2m > [22mshould create
[31m[1mɵNotFound[22m: NG0201: No provider found for `ActivatedRoute`. Source: Standalone[_RegisterComponent]. Find more at https://v21.angular.dev/errors/NG0201[39m
[90m [2m❯[22m createRuntimeError ../darwin_arm64-fastbuild-ST-fdfa778d11ba/bin/packages/core/src/render3/errors_di.ts:[2m130:16[22m[39m
[90m [2m❯[22m createRuntimeError ../darwin_arm64-fastbuild-ST-fdfa778d11ba/bin/packages/core/src/di/null_injector.ts:[2m20:20[22m[39m
[90m [2m❯[22m get ../darwin_arm64-fastbuild-ST-fdfa778d11ba/bin/packages/core/src/di/r3_injector.ts:[2m383:26[22m[39m
[90m [2m❯[22m get ../darwin_arm64-fastbuild-ST-fdfa778d11ba/bin/packages/core/src/di/r3_injector.ts:[2m383:26[22m[39m
[90m [2m❯[22m get ../darwin_arm64-fastbuild-ST-fdfa778d11ba/bin/packages/core/src/di/r3_injector.ts:[2m383:26[22m[39m
[90m [2m❯[22m get ../darwin_arm64-fastbuild-ST-fdfa778d11ba/bin/packages/core/src/render3/chained_injector.ts:[2m43:31[22m[39m
[90m [2m❯[22m get ../darwin_arm64-fastbuild-ST-fdfa778d11ba/bin/packages/core/src/render3/di.ts:[2m426:63[22m[39m
[90m [2m❯[22m lookupTokenUsingModuleInjector ../darwin_arm64-fastbuild-ST-fdfa778d11ba/bin/packages/core/src/render3/di.ts:[2m493:9[22m[39m
[90m [2m❯[22m getOrCreateInjectable ../darwin_arm64-fastbuild-ST-fdfa778d11ba/bin/packages/core/src/render3/instructions/di.ts:[2m58:16[22m[39m
[90m [2m❯[22m NodeInjectorFactory.RouterLink_Factory [as factory] ng:/RouterLink/ɵfac.js:[2m6:7[22m[39m

[31m[2m⎯⎯⎯⎯⎯⎯⎯⎯⎯⎯⎯⎯⎯⎯⎯⎯⎯⎯⎯⎯⎯⎯⎯⎯[3/3]⎯[22m[39m


[2m Test Files [22m [1m[31m3 failed[39m[22m[2m | [22m[1m[32m13 passed[39m[22m[90m (16)[39m
[2m      Tests [22m [1m[31m3 failed[39m[22m[2m | [22m[1m[32m14 passed[39m[22m[90m (17)[39m
[2m   Start at [22m 19:25:21
[2m   Duration [22m 5.31s[2m (transform 1.19s, setup 6.33s, import 1.80s, tests 1.28s, environment 41.91s)[22m

